// Jest Snapshot v1, https://goo.gl/fbAQLP

exports[`Card component renders correctly 1`] = `
<View
  style={
    Object {
      "borderRadius": 8,
      "overflow": "hidden",
    }
  }
>
  <Text>
    Test
  </Text>
</View>
`;
